Starting GDAL warp at Wed Feb 11 13:42:15 UTC 2026
Warning 1: for band 1, destination nodata value has been rounded to -2147483648, Int32 being an integer datatype.
Warning 1: for band 1, destination nodata value has been rounded to -2147483648, Int32 being an integer datatype.
  METREF → METREF/
Warning 1: for band 1, destination nodata value has been rounded to -2147483648, Int32 being an integer datatype.
Warning 1: for band 1, destination nodata value has been rounded to -2147483648, Int32 being an integer datatype.
  METREF → METREF/
  METREF → METREF/
  METREF → METREF/
Warning 1: for band 1, destination nodata value has been rounded to -2147483648, Int32 being an integer datatype.
Warning 1: for band 1, destination nodata value has been rounded to -2147483648, Int32 being an integer datatype.
Warning 1: for band 1, destination nodata value has been rounded to -2147483648, Int32 being an integer datatype.
Warning 1: for band 1, destination nodata value has been rounded to -2147483648, Int32 being an integer datatype.
  quality_flag → quality_flag/
  quality_flag → quality_flag/
  quality_flag → quality_flag/
  quality_flag → quality_flag/
Warning 1: for band 1, destination nodata value has been rounded to -2147483648, Int32 being an integer datatype.
  METREF → METREF/
Warning 1: for band 1, destination nodata value has been rounded to -2147483648, Int32 being an integer datatype.
  quality_flag → quality_flag/

Finished at Wed Feb 11 13:42:17 UTC 2026 - Time: 2s
Starting GDAL warp at Wed Feb 11 13:44:21 UTC 2026
Warning 1: for band 1, destination nodata value has been rounded to -2147483648, Int32 being an integer datatype.
Warning 1: for band 1, destination nodata value has been rounded to -2147483648, Int32 being an integer datatype.
Warning 1: for band 1, destination nodata value has been rounded to -2147483648, Int32 being an integer datatype.
  METREF → METREF/
  METREF → METREF/
Warning 1: for band 1, destination nodata value has been rounded to -2147483648, Int32 being an integer datatype.
  METREF → METREF/
Warning 1: for band 1, destination nodata value has been rounded to -2147483648, Int32 being an integer datatype.
  METREF → METREF/
Warning 1: for band 1, destination nodata value has been rounded to -2147483648, Int32 being an integer datatype.
  quality_flag → quality_flag/
Warning 1: for band 1, destination nodata value has been rounded to -2147483648, Int32 being an integer datatype.
Warning 1: for band 1, destination nodata value has been rounded to -2147483648, Int32 being an integer datatype.
  quality_flag → quality_flag/
  quality_flag → quality_flag/
  quality_flag → quality_flag/
Warning 1: for band 1, destination nodata value has been rounded to -2147483648, Int32 being an integer datatype.
  METREF → METREF/
Warning 1: for band 1, destination nodata value has been rounded to -2147483648, Int32 being an integer datatype.
  quality_flag → quality_flag/

Finished at Wed Feb 11 13:44:22 UTC 2026 - Time: 1s
Starting GDAL warp at Wed Feb 11 13:44:32 UTC 2026
Warning 1: for band 1, destination nodata value has been rounded to -2147483648, Int32 being an integer datatype.
Warning 1: for band 1, destination nodata value has been rounded to -2147483648, Int32 being an integer datatype.
Warning 1: for band 1, destination nodata value has been rounded to -2147483648, Int32 being an integer datatype.
Warning 1: for band 1, destination nodata value has been rounded to -2147483648, Int32 being an integer datatype.
  METREF → METREF/
  METREF → METREF/
  METREF → METREF/
  METREF → METREF/
Warning 1: for band 1, destination nodata value has been rounded to -2147483648, Int32 being an integer datatype.
  quality_flag → quality_flag/
Warning 1: for band 1, destination nodata value has been rounded to -2147483648, Int32 being an integer datatype.
Warning 1: for band 1, destination nodata value has been rounded to -2147483648, Int32 being an integer datatype.
Warning 1: for band 1, destination nodata value has been rounded to -2147483648, Int32 being an integer datatype.
  quality_flag → quality_flag/
  quality_flag → quality_flag/
  quality_flag → quality_flag/
Warning 1: for band 1, destination nodata value has been rounded to -2147483648, Int32 being an integer datatype.
  METREF → METREF/
Warning 1: for band 1, destination nodata value has been rounded to -2147483648, Int32 being an integer datatype.
  quality_flag → quality_flag/

Finished at Wed Feb 11 13:44:33 UTC 2026 - Time: 1s
